........................................................................ [ 26%]
........................................................................ [ 53%]
........................................................................ [ 80%]
....................................................